[INFO] Scanning for projects...
Downloading from central: https://repo.maven.apache.org/maven2/org/flywaydb/maven-metadata.xml
Downloading from central: https://repo.maven.apache.org/maven2/org/jooq/maven-metadata.xml
Downloading from central: https://repo.maven.apache.org/maven2/org/springframework/boot/maven-metadata.xml
Downloading from central: https://repo.maven.apache.org/maven2/io/github/git-commit-id/maven-metadata.xml
Progress (1): 398 BProgress (2): 398 B | 255 BProgress (3): 398 B | 255 B | 249 BProgress (4): 398 B | 255 B | 249 B | 234 B                                           Downloaded from central: https://repo.maven.apache.org/maven2/org/springframework/boot/maven-metadata.xml (249 B at 209 B/s)
Downloaded from central: https://repo.maven.apache.org/maven2/io/github/git-commit-id/maven-metadata.xml (255 B at 213 B/s)
Downloaded from central: https://repo.maven.apache.org/maven2/org/jooq/maven-metadata.xml (398 B at 333 B/s)
Downloading from central: https://repo.maven.apache.org/maven2/org/jetbrains/kotlin/maven-metadata.xml
Downloaded from central: https://repo.maven.apache.org/maven2/org/flywaydb/maven-metadata.xml (234 B at 194 B/s)
Downloading from central: https://repo.maven.apache.org/maven2/org/liquibase/maven-metadata.xml
Downloading from central: https://repo.maven.apache.org/maven2/org/graalvm/buildtools/maven-metadata.xml
Downloading from central: https://repo.maven.apache.org/maven2/org/apache/maven/plugins/maven-metadata.xml
Progress (1): 375 BProgress (2): 375 B | 394 BProgress (3): 375 B | 394 B | 242 BProgress (4): 375 B | 394 B | 242 B | 4.6 kBProgress (4): 375 B | 394 B | 242 B | 9.7 kBProgress (4): 375 B | 394 B | 242 B | 14 kB                                            Downloaded from central: https://repo.maven.apache.org/maven2/org/liquibase/maven-metadata.xml (394 B at 1.6 kB/s)
Downloading from central: https://repo.maven.apache.org/maven2/org/codehaus/mojo/maven-metadata.xml
Downloaded from central: https://repo.maven.apache.org/maven2/org/jetbrains/kotlin/maven-metadata.xml (375 B at 1.5 kB/s)
Downloaded from central: https://repo.maven.apache.org/maven2/org/graalvm/buildtools/maven-metadata.xml (242 B at 991 B/s)
Downloaded from central: https://repo.maven.apache.org/maven2/org/apache/maven/plugins/maven-metadata.xml (14 kB at 61 kB/s)
Progress (1): 3.1 kBProgress (1): 7.7 kBProgress (1): 12 kB Progress (1): 17 kBProgress (1): 20 kBProgress (1): 21 kB                   Downloaded from central: https://repo.maven.apache.org/maven2/org/codehaus/mojo/maven-metadata.xml (21 kB at 26 kB/s)
[INFO] 
[INFO] --------------------------< com.pcc2:social >---------------------------
[INFO] Building social 1.0.0
[INFO]   from pom.xml
[INFO] --------------------------------[ jar ]---------------------------------
[INFO] 
[INFO] >>> spring-boot:3.2.0:run (default-cli) > test-compile @ social >>>
[INFO] 
[INFO] --- resources:3.3.1:resources (default-resources) @ social ---
[INFO] Copying 1 resource from src\main\resources to target\classes
[INFO] Copying 7 resources from src\main\resources to target\classes
[INFO] 
[INFO] --- compiler:3.11.0:compile (default-compile) @ social ---
[INFO] Nothing to compile - all classes are up to date
[INFO] 
[INFO] --- resources:3.3.1:testResources (default-testResources) @ social ---
[INFO] skip non existing resourceDirectory E:\vscode\code\pcc2\backend\src\test\resources
[INFO] 
[INFO] --- compiler:3.11.0:testCompile (default-testCompile) @ social ---
[INFO] Nothing to compile - all classes are up to date
[INFO] 
[INFO] <<< spring-boot:3.2.0:run (default-cli) < test-compile @ social <<<
[INFO] 
[INFO] 
[INFO] --- spring-boot:3.2.0:run (default-cli) @ social ---
[INFO] Attaching agents: []

  .   ____          _            __ _ _
 /\\ / ___'_ __ _ _(_)_ __  __ _ \ \ \ \
( ( )\___ | '_ | '_| | '_ \/ _` | \ \ \ \
 \\/  ___)| |_)| | | | | || (_| |  ) ) ) )
  '  |____| .__|_| |_|_| |_\__, | / / / /
 =========|_|==============|___/=/_/_/_/
 :: Spring Boot ::                (v3.2.0)

2026-04-20T08:27:10.013+08:00  INFO 27564 --- [           main] com.pcc2.social.SocialApplication        : Starting SocialApplication using Java 21.0.8 with PID 27564 (E:\vscode\code\pcc2\backend\target\classes started by 盼 in E:\vscode\code\pcc2\backend)
2026-04-20T08:27:10.015+08:00 DEBUG 27564 --- [           main] com.pcc2.social.SocialApplication        : Running with Spring Boot v3.2.0, Spring v6.1.1
2026-04-20T08:27:10.015+08:00  INFO 27564 --- [           main] com.pcc2.social.SocialApplication        : No active profile set, falling back to 1 default profile: "default"
2026-04-20T08:27:11.225+08:00  INFO 27564 --- [           main] o.s.b.w.embedded.tomcat.TomcatWebServer  : Tomcat initialized with port 9090 (http)
2026-04-20T08:27:11.235+08:00  INFO 27564 --- [           main] o.apache.catalina.core.StandardService   : Starting service [Tomcat]
2026-04-20T08:27:11.235+08:00  INFO 27564 --- [           main] o.apache.catalina.core.StandardEngine    : Starting Servlet engine: [Apache Tomcat/10.1.16]
2026-04-20T08:27:11.306+08:00  INFO 27564 --- [           main] o.a.c.c.C.[Tomcat].[localhost].[/]       : Initializing Spring embedded WebApplicationContext
2026-04-20T08:27:11.307+08:00  INFO 27564 --- [           main] w.s.c.ServletWebServerApplicationContext : Root WebApplicationContext: initialization completed in 1243 ms
2026-04-20T08:27:11.755+08:00  WARN 27564 --- [           main] .s.s.UserDetailsServiceAutoConfiguration : 

Using generated security password: 1370579d-aab9-475d-b049-2a1fbee22b32

This generated password is for development use only. Your security configuration must be updated before running your application in production.

2026-04-20T08:27:11.961+08:00  INFO 27564 --- [           main] o.s.s.web.DefaultSecurityFilterChain     : Will secure any request with [org.springframework.security.web.session.DisableEncodeUrlFilter@2dd63e3, org.springframework.security.web.context.request.async.WebAsyncManagerIntegrationFilter@7d1c164a, org.springframework.security.web.context.SecurityContextHolderFilter@188a5fc2, org.springframework.security.web.header.HeaderWriterFilter@5ed5b321, org.springframework.web.filter.CorsFilter@209f3887, org.springframework.security.web.authentication.logout.LogoutFilter@70716259, org.springframework.security.web.savedrequest.RequestCacheAwareFilter@5a622fe8, org.springframework.security.web.servletapi.SecurityContextHolderAwareRequestFilter@58f31629, org.springframework.security.web.authentication.AnonymousAuthenticationFilter@6a98f353, org.springframework.security.web.session.SessionManagementFilter@1953bc95, org.springframework.security.web.access.ExceptionTranslationFilter@73ca34e7, org.springframework.security.web.access.intercept.AuthorizationFilter@632383b9]
2026-04-20T08:27:12.132+08:00  INFO 27564 --- [           main] o.s.b.w.embedded.tomcat.TomcatWebServer  : Tomcat started on port 9090 (http) with context path ''
2026-04-20T08:27:12.137+08:00  INFO 27564 --- [           main] com.pcc2.social.SocialApplication        : Started SocialApplication in 2.569 seconds (process running for 2.958)
[INFO] ------------------------------------------------------------------------
[INFO] BUILD FAILURE
[INFO] ------------------------------------------------------------------------
[INFO] Total time:  06:59 min
[INFO] Finished at: 2026-04-20T08:34:02+08:00
[INFO] ------------------------------------------------------------------------
[ERROR] Failed to execute goal org.springframework.boot:spring-boot-maven-plugin:3.2.0:run (default-cli) on project social: Process terminated with exit code: -1 -> [Help 1]
[ERROR] 
[ERROR] To see the full stack trace of the errors, re-run Maven with the -e switch.
[ERROR] Re-run Maven using the -X switch to enable full debug logging.
[ERROR] 
[ERROR] For more information about the errors and possible solutions, please read the following articles:
[ERROR] [Help 1] http://cwiki.apache.org/confluence/display/MAVEN/MojoExecutionException
