[INFO] Scanning for projects...
[INFO] 
[INFO] --------------------------< com.pcc2:social >---------------------------
[INFO] Building social 1.0.0
[INFO]   from pom.xml
[INFO] --------------------------------[ jar ]---------------------------------
[INFO] 
[INFO] >>> spring-boot:3.2.0:run (default-cli) > test-compile @ social >>>
[INFO] 
[INFO] --- resources:3.3.1:resources (default-resources) @ social ---
[INFO] Copying 1 resource from src\main\resources to target\classes
[INFO] Copying 6 resources from src\main\resources to target\classes
[INFO] 
[INFO] --- compiler:3.11.0:compile (default-compile) @ social ---
[INFO] Nothing to compile - all classes are up to date
[INFO] 
[INFO] --- resources:3.3.1:testResources (default-testResources) @ social ---
[INFO] skip non existing resourceDirectory E:\vscode\code\pcc2\backend\src\test\resources
[INFO] 
[INFO] --- compiler:3.11.0:testCompile (default-testCompile) @ social ---
[INFO] Nothing to compile - all classes are up to date
[INFO] 
[INFO] <<< spring-boot:3.2.0:run (default-cli) < test-compile @ social <<<
[INFO] 
[INFO] 
[INFO] --- spring-boot:3.2.0:run (default-cli) @ social ---
[INFO] Attaching agents: []

  .   ____          _            __ _ _
 /\\ / ___'_ __ _ _(_)_ __  __ _ \ \ \ \
( ( )\___ | '_ | '_| | '_ \/ _` | \ \ \ \
 \\/  ___)| |_)| | | | | || (_| |  ) ) ) )
  '  |____| .__|_| |_|_| |_\__, | / / / /
 =========|_|==============|___/=/_/_/_/
 :: Spring Boot ::                (v3.2.0)

2026-04-17T23:35:57.153+08:00  INFO 32764 --- [           main] com.pcc2.social.SocialApplication        : Starting SocialApplication using Java 21.0.8 with PID 32764 (E:\vscode\code\pcc2\backend\target\classes started by 盼 in E:\vscode\code\pcc2\backend)
2026-04-17T23:35:57.156+08:00 DEBUG 32764 --- [           main] com.pcc2.social.SocialApplication        : Running with Spring Boot v3.2.0, Spring v6.1.1
2026-04-17T23:35:57.157+08:00  INFO 32764 --- [           main] com.pcc2.social.SocialApplication        : No active profile set, falling back to 1 default profile: "default"
2026-04-17T23:35:58.995+08:00  INFO 32764 --- [           main] o.s.b.w.embedded.tomcat.TomcatWebServer  : Tomcat initialized with port 9090 (http)
2026-04-17T23:35:59.031+08:00  INFO 32764 --- [           main] o.apache.catalina.core.StandardService   : Starting service [Tomcat]
2026-04-17T23:35:59.031+08:00  INFO 32764 --- [           main] o.apache.catalina.core.StandardEngine    : Starting Servlet engine: [Apache Tomcat/10.1.16]
2026-04-17T23:35:59.124+08:00  INFO 32764 --- [           main] o.a.c.c.C.[Tomcat].[localhost].[/]       : Initializing Spring embedded WebApplicationContext
2026-04-17T23:35:59.129+08:00  INFO 32764 --- [           main] w.s.c.ServletWebServerApplicationContext : Root WebApplicationContext: initialization completed in 1887 ms
2026-04-17T23:35:59.730+08:00  WARN 32764 --- [           main] .s.s.UserDetailsServiceAutoConfiguration : 

Using generated security password: 2ebace58-0dea-40cc-82b3-09b25c8e2d8b

This generated password is for development use only. Your security configuration must be updated before running your application in production.

2026-04-17T23:36:00.090+08:00  INFO 32764 --- [           main] o.s.s.web.DefaultSecurityFilterChain     : Will secure any request with [org.springframework.security.web.session.DisableEncodeUrlFilter@78c262ba, org.springframework.security.web.context.request.async.WebAsyncManagerIntegrationFilter@7d2c9361, org.springframework.security.web.context.SecurityContextHolderFilter@19b07407, org.springframework.security.web.header.HeaderWriterFilter@15639d09, org.springframework.web.filter.CorsFilter@329dc214, org.springframework.security.web.authentication.logout.LogoutFilter@11d4d979, org.springframework.security.web.savedrequest.RequestCacheAwareFilter@49c099b, org.springframework.security.web.servletapi.SecurityContextHolderAwareRequestFilter@3d9f0a5, org.springframework.security.web.authentication.AnonymousAuthenticationFilter@fbe70d8, org.springframework.security.web.session.SessionManagementFilter@5f025000, org.springframework.security.web.access.ExceptionTranslationFilter@7634f2b, org.springframework.security.web.access.intercept.AuthorizationFilter@c412556]
2026-04-17T23:36:00.555+08:00  INFO 32764 --- [           main] o.s.b.w.embedded.tomcat.TomcatWebServer  : Tomcat started on port 9090 (http) with context path ''
2026-04-17T23:36:00.559+08:00  INFO 32764 --- [           main] com.pcc2.social.SocialApplication        : Started SocialApplication in 3.983 seconds (process running for 4.527)
