[INFO] Scanning for projects...
[INFO] 
[INFO] --------------------------< com.pcc2:social >---------------------------
[INFO] Building social 1.0.0
[INFO]   from pom.xml
[INFO] --------------------------------[ jar ]---------------------------------
[INFO] 
[INFO] >>> spring-boot:3.2.0:run (default-cli) > test-compile @ social >>>
[INFO] 
[INFO] --- resources:3.3.1:resources (default-resources) @ social ---
[INFO] Copying 1 resource from src\main\resources to target\classes
[INFO] Copying 8 resources from src\main\resources to target\classes
[INFO] 
[INFO] --- compiler:3.11.0:compile (default-compile) @ social ---
[INFO] Nothing to compile - all classes are up to date
[INFO] 
[INFO] --- resources:3.3.1:testResources (default-testResources) @ social ---
[INFO] skip non existing resourceDirectory E:\vscode\code\pcc2\backend\src\test\resources
[INFO] 
[INFO] --- compiler:3.11.0:testCompile (default-testCompile) @ social ---
[INFO] Nothing to compile - all classes are up to date
[INFO] 
[INFO] <<< spring-boot:3.2.0:run (default-cli) < test-compile @ social <<<
[INFO] 
[INFO] 
[INFO] --- spring-boot:3.2.0:run (default-cli) @ social ---
[INFO] Attaching agents: []

  .   ____          _            __ _ _
 /\\ / ___'_ __ _ _(_)_ __  __ _ \ \ \ \
( ( )\___ | '_ | '_| | '_ \/ _` | \ \ \ \
 \\/  ___)| |_)| | | | | || (_| |  ) ) ) )
  '  |____| .__|_| |_|_| |_\__, | / / / /
 =========|_|==============|___/=/_/_/_/
 :: Spring Boot ::                (v3.2.0)

2026-04-20T18:44:28.265+08:00  INFO 29580 --- [           main] com.pcc2.social.SocialApplication        : Starting SocialApplication using Java 21.0.8 with PID 29580 (E:\vscode\code\pcc2\backend\target\classes started by 盼 in E:\vscode\code\pcc2\backend)
2026-04-20T18:44:28.270+08:00 DEBUG 29580 --- [           main] com.pcc2.social.SocialApplication        : Running with Spring Boot v3.2.0, Spring v6.1.1
2026-04-20T18:44:28.271+08:00  INFO 29580 --- [           main] com.pcc2.social.SocialApplication        : No active profile set, falling back to 1 default profile: "default"
2026-04-20T18:44:29.552+08:00  INFO 29580 --- [           main] o.s.b.w.embedded.tomcat.TomcatWebServer  : Tomcat initialized with port 9090 (http)
2026-04-20T18:44:29.586+08:00  INFO 29580 --- [           main] o.apache.catalina.core.StandardService   : Starting service [Tomcat]
2026-04-20T18:44:29.586+08:00  INFO 29580 --- [           main] o.apache.catalina.core.StandardEngine    : Starting Servlet engine: [Apache Tomcat/10.1.16]
2026-04-20T18:44:29.658+08:00  INFO 29580 --- [           main] o.a.c.c.C.[Tomcat].[localhost].[/]       : Initializing Spring embedded WebApplicationContext
2026-04-20T18:44:29.660+08:00  INFO 29580 --- [           main] w.s.c.ServletWebServerApplicationContext : Root WebApplicationContext: initialization completed in 1330 ms
2026-04-20T18:44:30.155+08:00  WARN 29580 --- [           main] .s.s.UserDetailsServiceAutoConfiguration : 

Using generated security password: 1890b13c-ed56-4139-ac47-d13b22ee986d

This generated password is for development use only. Your security configuration must be updated before running your application in production.

2026-04-20T18:44:30.390+08:00  INFO 29580 --- [           main] o.s.s.web.DefaultSecurityFilterChain     : Will secure any request with [org.springframework.security.web.session.DisableEncodeUrlFilter@525647f3, org.springframework.security.web.context.request.async.WebAsyncManagerIntegrationFilter@42fc4ac4, org.springframework.security.web.context.SecurityContextHolderFilter@16e99306, org.springframework.security.web.header.HeaderWriterFilter@549ac12c, org.springframework.web.filter.CorsFilter@20a24edf, org.springframework.security.web.authentication.logout.LogoutFilter@13d019a4, org.springframework.security.web.savedrequest.RequestCacheAwareFilter@48581a3b, org.springframework.security.web.servletapi.SecurityContextHolderAwareRequestFilter@531ec978, org.springframework.security.web.authentication.AnonymousAuthenticationFilter@29962b2f, org.springframework.security.web.session.SessionManagementFilter@5ac53c06, org.springframework.security.web.access.ExceptionTranslationFilter@1953bc95, org.springframework.security.web.access.intercept.AuthorizationFilter@3554bdc0]
2026-04-20T18:44:30.646+08:00  INFO 29580 --- [           main] o.s.b.w.embedded.tomcat.TomcatWebServer  : Tomcat started on port 9090 (http) with context path ''
2026-04-20T18:44:30.672+08:00  INFO 29580 --- [           main] com.pcc2.social.SocialApplication        : Started SocialApplication in 2.843 seconds (process running for 3.298)
2026-04-20T18:44:31.981+08:00  INFO 29580 --- [nio-9090-exec-3] o.a.c.c.C.[Tomcat].[localhost].[/]       : Initializing Spring DispatcherServlet 'dispatcherServlet'
2026-04-20T18:44:32.002+08:00  INFO 29580 --- [nio-9090-exec-3] o.s.web.servlet.DispatcherServlet        : Initializing Servlet 'dispatcherServlet'
2026-04-20T18:44:32.004+08:00  INFO 29580 --- [nio-9090-exec-3] o.s.web.servlet.DispatcherServlet        : Completed initialization in 1 ms
2026-04-20T18:44:32.019+08:00  WARN 29580 --- [nio-9090-exec-3] o.s.w.s.h.HandlerMappingIntrospector     : Cache miss for REQUEST dispatch to '/api/post/list' (previous null). Performing CorsConfiguration lookup. This is logged once only at WARN level, and every time at TRACE.
2026-04-20T18:44:32.090+08:00  INFO 29580 --- [nio-9090-exec-3] com.zaxxer.hikari.HikariDataSource       : HikariPool-1 - Starting...
2026-04-20T18:44:32.564+08:00  INFO 29580 --- [nio-9090-exec-3] com.zaxxer.hikari.pool.HikariPool        : HikariPool-1 - Added connection com.mysql.cj.jdbc.ConnectionImpl@47b64f94
2026-04-20T18:44:32.589+08:00  INFO 29580 --- [nio-9090-exec-3] com.zaxxer.hikari.HikariDataSource       : HikariPool-1 - Start completed.
2026-04-20T18:44:32.601+08:00 DEBUG 29580 --- [nio-9090-exec-3] c.pcc2.social.mapper.PostMapper.findAll  : ==>  Preparing: SELECT p.*, u.username, u.nickname, u.avatar, ((p.like_count * 1.0 + p.comment_count * 2.0 + p.repost_count * 2.8) / POW(TIMESTAMPDIFF(HOUR, p.created_at, NOW()) + 2, 1.25)) AS all_score FROM post p LEFT JOIN user u ON p.user_id = u.id ORDER BY all_score DESC, p.created_at DESC LIMIT ?, ?
2026-04-20T18:44:32.641+08:00 DEBUG 29580 --- [nio-9090-exec-3] c.pcc2.social.mapper.PostMapper.findAll  : ==> Parameters: 0(Integer), 1(Integer)
2026-04-20T18:44:32.706+08:00 DEBUG 29580 --- [nio-9090-exec-3] c.pcc2.social.mapper.PostMapper.findAll  : <==      Total: 1
2026-04-20T18:44:33.058+08:00 DEBUG 29580 --- [nio-9090-exec-1] c.p.s.mapper.UserMapper.findByUsername   : ==>  Preparing: SELECT * FROM user WHERE username = ?
2026-04-20T18:44:33.063+08:00 DEBUG 29580 --- [nio-9090-exec-1] c.p.s.mapper.UserMapper.findByUsername   : ==> Parameters: aaa(String)
2026-04-20T18:44:33.068+08:00 DEBUG 29580 --- [nio-9090-exec-1] c.p.s.mapper.UserMapper.findByUsername   : <==      Total: 1
2026-04-20T18:44:33.370+08:00 DEBUG 29580 --- [nio-9090-exec-5] c.p.s.mapper.PostMapper.findByHistory    : ==>  Preparing: SELECT p.*, u.username, u.nickname, u.avatar FROM browse_history bh INNER JOIN post p ON bh.post_id = p.id INNER JOIN user u ON p.user_id = u.id WHERE bh.user_id = ? ORDER BY bh.last_viewed_at DESC LIMIT ?, ?
2026-04-20T18:44:33.375+08:00 DEBUG 29580 --- [nio-9090-exec-5] c.p.s.mapper.PostMapper.findByHistory    : ==> Parameters: 2(Long), 0(Integer), 1(Integer)
2026-04-20T18:44:33.377+08:00 DEBUG 29580 --- [nio-9090-exec-5] c.p.s.mapper.PostMapper.findByHistory    : <==      Total: 0
