[INFO] Scanning for projects...
[INFO] 
[INFO] --------------------------< com.pcc2:social >---------------------------
[INFO] Building social 1.0.0
[INFO]   from pom.xml
[INFO] --------------------------------[ jar ]---------------------------------
[INFO] 
[INFO] >>> spring-boot:3.2.0:run (default-cli) > test-compile @ social >>>
[INFO] 
[INFO] --- resources:3.3.1:resources (default-resources) @ social ---
[INFO] Copying 1 resource from src\main\resources to target\classes
[INFO] Copying 8 resources from src\main\resources to target\classes
[INFO] 
[INFO] --- compiler:3.11.0:compile (default-compile) @ social ---
[INFO] Nothing to compile - all classes are up to date
[INFO] 
[INFO] --- resources:3.3.1:testResources (default-testResources) @ social ---
[INFO] skip non existing resourceDirectory E:\vscode\code\pcc2\backend\src\test\resources
[INFO] 
[INFO] --- compiler:3.11.0:testCompile (default-testCompile) @ social ---
[INFO] Nothing to compile - all classes are up to date
[INFO] 
[INFO] <<< spring-boot:3.2.0:run (default-cli) < test-compile @ social <<<
[INFO] 
[INFO] 
[INFO] --- spring-boot:3.2.0:run (default-cli) @ social ---
[INFO] Attaching agents: []

  .   ____          _            __ _ _
 /\\ / ___'_ __ _ _(_)_ __  __ _ \ \ \ \
( ( )\___ | '_ | '_| | '_ \/ _` | \ \ \ \
 \\/  ___)| |_)| | | | | || (_| |  ) ) ) )
  '  |____| .__|_| |_|_| |_\__, | / / / /
 =========|_|==============|___/=/_/_/_/
 :: Spring Boot ::                (v3.2.0)

2026-04-20T17:42:47.586+08:00  INFO 55184 --- [           main] com.pcc2.social.SocialApplication        : Starting SocialApplication using Java 21.0.8 with PID 55184 (E:\vscode\code\pcc2\backend\target\classes started by 盼 in E:\vscode\code\pcc2\backend)
2026-04-20T17:42:47.587+08:00 DEBUG 55184 --- [           main] com.pcc2.social.SocialApplication        : Running with Spring Boot v3.2.0, Spring v6.1.1
2026-04-20T17:42:47.588+08:00  INFO 55184 --- [           main] com.pcc2.social.SocialApplication        : No active profile set, falling back to 1 default profile: "default"
2026-04-20T17:42:48.372+08:00  INFO 55184 --- [           main] o.s.b.w.embedded.tomcat.TomcatWebServer  : Tomcat initialized with port 9091 (http)
2026-04-20T17:42:48.380+08:00  INFO 55184 --- [           main] o.apache.catalina.core.StandardService   : Starting service [Tomcat]
2026-04-20T17:42:48.380+08:00  INFO 55184 --- [           main] o.apache.catalina.core.StandardEngine    : Starting Servlet engine: [Apache Tomcat/10.1.16]
2026-04-20T17:42:48.439+08:00  INFO 55184 --- [           main] o.a.c.c.C.[Tomcat].[localhost].[/]       : Initializing Spring embedded WebApplicationContext
2026-04-20T17:42:48.440+08:00  INFO 55184 --- [           main] w.s.c.ServletWebServerApplicationContext : Root WebApplicationContext: initialization completed in 820 ms
2026-04-20T17:42:48.740+08:00  WARN 55184 --- [           main] .s.s.UserDetailsServiceAutoConfiguration : 

Using generated security password: 82250456-0365-4cfd-8d08-2899ac76c66b

This generated password is for development use only. Your security configuration must be updated before running your application in production.

2026-04-20T17:42:48.907+08:00  INFO 55184 --- [           main] o.s.s.web.DefaultSecurityFilterChain     : Will secure any request with [org.springframework.security.web.session.DisableEncodeUrlFilter@49580ca8, org.springframework.security.web.context.request.async.WebAsyncManagerIntegrationFilter@525647f3, org.springframework.security.web.context.SecurityContextHolderFilter@16e99306, org.springframework.security.web.header.HeaderWriterFilter@549ac12c, org.springframework.web.filter.CorsFilter@42fc4ac4, org.springframework.security.web.authentication.logout.LogoutFilter@13d019a4, org.springframework.security.web.savedrequest.RequestCacheAwareFilter@48581a3b, org.springframework.security.web.servletapi.SecurityContextHolderAwareRequestFilter@531ec978, org.springframework.security.web.authentication.AnonymousAuthenticationFilter@20a24edf, org.springframework.security.web.session.SessionManagementFilter@5ac53c06, org.springframework.security.web.access.ExceptionTranslationFilter@1953bc95, org.springframework.security.web.access.intercept.AuthorizationFilter@58687fb7]
2026-04-20T17:42:49.030+08:00  INFO 55184 --- [           main] o.s.b.w.embedded.tomcat.TomcatWebServer  : Tomcat started on port 9091 (http) with context path ''
2026-04-20T17:42:49.035+08:00  INFO 55184 --- [           main] com.pcc2.social.SocialApplication        : Started SocialApplication in 1.703 seconds (process running for 1.985)
2026-04-20T17:42:49.145+08:00  INFO 55184 --- [nio-9091-exec-1] o.a.c.c.C.[Tomcat].[localhost].[/]       : Initializing Spring DispatcherServlet 'dispatcherServlet'
2026-04-20T17:42:49.145+08:00  INFO 55184 --- [nio-9091-exec-1] o.s.web.servlet.DispatcherServlet        : Initializing Servlet 'dispatcherServlet'
2026-04-20T17:42:49.146+08:00  INFO 55184 --- [nio-9091-exec-1] o.s.web.servlet.DispatcherServlet        : Completed initialization in 1 ms
2026-04-20T17:42:49.153+08:00  WARN 55184 --- [nio-9091-exec-1] o.s.w.s.h.HandlerMappingIntrospector     : Cache miss for REQUEST dispatch to '/api/post/list' (previous null). Performing CorsConfiguration lookup. This is logged once only at WARN level, and every time at TRACE.
2026-04-20T17:42:49.183+08:00  INFO 55184 --- [nio-9091-exec-1] com.zaxxer.hikari.HikariDataSource       : HikariPool-1 - Starting...
2026-04-20T17:42:49.414+08:00  INFO 55184 --- [nio-9091-exec-1] com.zaxxer.hikari.pool.HikariPool        : HikariPool-1 - Added connection com.mysql.cj.jdbc.ConnectionImpl@68c3e11b
2026-04-20T17:42:49.416+08:00  INFO 55184 --- [nio-9091-exec-1] com.zaxxer.hikari.HikariDataSource       : HikariPool-1 - Start completed.
2026-04-20T17:42:49.422+08:00 DEBUG 55184 --- [nio-9091-exec-1] c.pcc2.social.mapper.PostMapper.findAll  : ==>  Preparing: SELECT p.*, u.username, u.nickname, u.avatar, ((p.like_count * 1.0 + p.comment_count * 2.0 + p.repost_count * 2.8) / POW(TIMESTAMPDIFF(HOUR, p.created_at, NOW()) + 2, 1.25)) AS all_score FROM post p LEFT JOIN user u ON p.user_id = u.id ORDER BY all_score DESC, p.created_at DESC LIMIT ?, ?
2026-04-20T17:42:49.439+08:00 DEBUG 55184 --- [nio-9091-exec-1] c.pcc2.social.mapper.PostMapper.findAll  : ==> Parameters: 0(Integer), 1(Integer)
2026-04-20T17:42:49.463+08:00 DEBUG 55184 --- [nio-9091-exec-1] c.pcc2.social.mapper.PostMapper.findAll  : <==      Total: 1
2026-04-20T17:42:49.631+08:00 DEBUG 55184 --- [nio-9091-exec-5] c.p.s.mapper.UserMapper.findByUsername   : ==>  Preparing: SELECT * FROM user WHERE username = ?
2026-04-20T17:42:49.632+08:00 DEBUG 55184 --- [nio-9091-exec-5] c.p.s.mapper.UserMapper.findByUsername   : ==> Parameters: aaa(String)
2026-04-20T17:42:49.635+08:00 DEBUG 55184 --- [nio-9091-exec-5] c.p.s.mapper.UserMapper.findByUsername   : <==      Total: 1
2026-04-20T17:42:49.784+08:00 DEBUG 55184 --- [nio-9091-exec-3] c.p.s.mapper.PostMapper.findByHistory    : ==>  Preparing: SELECT p.*, u.username, u.nickname, u.avatar FROM browse_history bh INNER JOIN post p ON bh.post_id = p.id INNER JOIN user u ON p.user_id = u.id WHERE bh.user_id = ? ORDER BY bh.last_viewed_at DESC LIMIT ?, ?
2026-04-20T17:42:49.787+08:00 DEBUG 55184 --- [nio-9091-exec-3] c.p.s.mapper.PostMapper.findByHistory    : ==> Parameters: 2(Long), 0(Integer), 1(Integer)
